0 verbose cli node /bin/npm
1 info using npm@10.8.2
2 info using node@v18.20.8
3 verbose node symlink /bin/node
4 silly config load:file:/lib/node_modules/npm/npmrc
5 silly config load:file:/app/.npmrc
6 silly config load:file:/etc/npmrc
7 verbose title npm install npm@9.6.7
8 verbose argv "install" "--global" "npm@9.6.7"
9 verbose logfile logs-max:10 dir:/app/.npm/_logs/2026-01-13T17_20_25_785Z-
10 verbose logfile /app/.npm/_logs/2026-01-13T17_20_25_785Z-debug-0.log
11 silly logfile done cleaning log files
12 http fetch GET 200 https://registry.npmjs.org/npm 312ms (cache miss)
13 silly packumentCache heap:4345298944 maxSize:1086324736 maxEntrySize:543162368
14 silly idealTree buildDeps
15 silly fetch manifest npm@9.6.7
16 silly packumentCache full:https://registry.npmjs.org/npm cache-miss
17 http fetch GET 200 https://registry.npmjs.org/npm 1935ms (cache miss)
18 silly packumentCache full:https://registry.npmjs.org/npm set size:undefined disposed:false
19 silly placeDep ROOT npm@9.6.7 OK for:  want: 9.6.7
20 silly reify mark retired [ '/lib/node_modules/npm', '/bin/npm', '/bin/npx' ]
21 silly reify moves {
21 silly reify   '/lib/node_modules/npm': '/lib/node_modules/.npm-uVOgyzLu',
21 silly reify   '/bin/npm': '/bin/.npm-bDLRM6pI',
21 silly reify   '/bin/npx': '/bin/.npx-8ZQKUI9c'
21 silly reify }
22 silly tarball no local data for npm@https://registry.npmjs.org/npm/-/npm-9.6.7.tgz. Extracting by manifest.
23 http fetch GET 200 https://registry.npmjs.org/npm/-/npm-9.6.7.tgz 1496ms (cache miss)
24 silly CHANGE node_modules/npm
25 silly CHANGE node_modules/npm/node_modules/@tufjs/models
26 silly CHANGE node_modules/npm/node_modules/@tufjs/canonical-json
27 silly REMOVE node_modules/npm/node_modules/@sigstore/verify
28 silly REMOVE node_modules/npm/node_modules/@sigstore/tuf
29 silly REMOVE node_modules/npm/node_modules/@sigstore/sign
30 silly CHANGE node_modules/npm/node_modules/@sigstore/protobuf-specs
31 silly REMOVE node_modules/npm/node_modules/@sigstore/core
32 silly REMOVE node_modules/npm/node_modules/@sigstore/bundle
33 silly CHANGE node_modules/npm/node_modules/@npmcli/run-script
34 silly REMOVE node_modules/npm/node_modules/@npmcli/redact
35 silly CHANGE node_modules/npm/node_modules/@npmcli/query
36 silly CHANGE node_modules/npm/node_modules/@npmcli/promise-spawn
37 silly CHANGE node_modules/npm/node_modules/@npmcli/package-json
38 silly CHANGE node_modules/npm/node_modules/@npmcli/metavuln-calculator
39 silly CHANGE node_modules/npm/node_modules/@npmcli/map-workspaces
40 silly CHANGE node_modules/npm/node_modules/@npmcli/installed-package-contents
41 silly CHANGE node_modules/npm/node_modules/@npmcli/git
42 silly CHANGE node_modules/npm/node_modules/@npmcli/fs
43 silly CHANGE node_modules/npm/node_modules/@npmcli/config
44 silly CHANGE node_modules/npm/node_modules/@npmcli/arborist
45 silly REMOVE node_modules/npm/node_modules/@npmcli/agent
46 silly CHANGE node_modules/npm/node_modules/@isaacs/cliui/node_modules/strip-ansi
47 silly REMOVE node_modules/npm/node_modules/wrap-ansi-cjs/node_modules/ansi-styles
48 silly CHANGE node_modules/npm/node_modules/wrap-ansi/node_modules/strip-ansi
49 silly CHANGE node_modules/npm/node_modules/which
50 silly REMOVE node_modules/npm/node_modules/which/node_modules/isexe
51 silly CHANGE node_modules/npm/node_modules/validate-npm-package-name
52 silly REMOVE node_modules/npm/node_modules/validate-npm-package-license/node_modules/spdx-expression-parse
53 silly CHANGE node_modules/npm/node_modules/tuf-js
54 silly CHANGE node_modules/npm/node_modules/tar
55 silly REMOVE node_modules/npm/node_modules/tar/node_modules/minipass
56 silly CHANGE node_modules/npm/node_modules/supports-color
57 silly CHANGE node_modules/npm/node_modules/ssri
58 silly REMOVE node_modules/npm/node_modules/sprintf-js
59 silly CHANGE node_modules/npm/node_modules/spdx-license-ids
60 silly CHANGE node_modules/npm/node_modules/spdx-expression-parse
61 silly CHANGE node_modules/npm/node_modules/spdx-exceptions
62 silly REMOVE node_modules/npm/node_modules/spdx-correct/node_modules/spdx-expression-parse
63 silly CHANGE node_modules/npm/node_modules/socks-proxy-agent
64 silly CHANGE node_modules/npm/node_modules/socks
65 silly CHANGE node_modules/npm/node_modules/sigstore
66 silly CHANGE node_modules/npm/node_modules/signal-exit
67 silly CHANGE node_modules/npm/node_modules/semver
68 silly CHANGE node_modules/npm/node_modules/read
69 silly CHANGE node_modules/npm/node_modules/qrcode-terminal
70 silly CHANGE node_modules/npm/node_modules/promzard
71 silly CHANGE node_modules/npm/node_modules/promise-call-limit
72 silly REMOVE node_modules/npm/node_modules/proggy
73 silly CHANGE node_modules/npm/node_modules/proc-log
74 silly CHANGE node_modules/npm/node_modules/postcss-selector-parser
75 silly CHANGE node_modules/npm/node_modules/path-scurry
76 silly CHANGE node_modules/npm/node_modules/pacote
77 silly REMOVE node_modules/npm/node_modules/package-json-from-dist
78 silly CHANGE node_modules/npm/node_modules/npm-user-validate
79 silly CHANGE node_modules/npm/node_modules/npm-registry-fetch
80 silly CHANGE node_modules/npm/node_modules/npm-profile
81 silly CHANGE node_modules/npm/node_modules/npm-pick-manifest
82 silly CHANGE node_modules/npm/node_modules/npm-packlist
83 silly CHANGE node_modules/npm/node_modules/npm-package-arg
84 silly CHANGE node_modules/npm/node_modules/npm-install-checks
85 silly CHANGE node_modules/npm/node_modules/npm-bundled
86 silly CHANGE node_modules/npm/node_modules/npm-audit-report
87 silly CHANGE node_modules/npm/node_modules/normalize-package-data
88 silly CHANGE node_modules/npm/node_modules/nopt
89 silly CHANGE node_modules/npm/node_modules/node-gyp
90 silly REMOVE node_modules/npm/node_modules/node-gyp/node_modules/proc-log
91 silly CHANGE node_modules/npm/node_modules/mkdirp
92 silly CHANGE node_modules/npm/node_modules/minipass-fetch
93 silly CHANGE node_modules/npm/node_modules/minipass-collect
94 silly CHANGE node_modules/npm/node_modules/minipass
95 silly CHANGE node_modules/npm/node_modules/minimatch
96 silly CHANGE node_modules/npm/node_modules/make-fetch-happen
97 silly CHANGE node_modules/npm/node_modules/lru-cache
98 silly CHANGE node_modules/npm/node_modules/libnpmversion
99 silly CHANGE node_modules/npm/node_modules/libnpmteam
100 silly CHANGE node_modules/npm/node_modules/libnpmsearch
101 silly CHANGE node_modules/npm/node_modules/libnpmpublish
102 silly CHANGE node_modules/npm/node_modules/libnpmpack
103 silly CHANGE node_modules/npm/node_modules/libnpmorg
104 silly CHANGE node_modules/npm/node_modules/libnpmhook
105 silly CHANGE node_modules/npm/node_modules/libnpmfund
106 silly CHANGE node_modules/npm/node_modules/libnpmexec
107 silly CHANGE node_modules/npm/node_modules/libnpmdiff
108 silly CHANGE node_modules/npm/node_modules/libnpmaccess
109 silly CHANGE node_modules/npm/node_modules/json-parse-even-better-errors
110 silly REMOVE node_modules/npm/node_modules/jsbn
111 silly CHANGE node_modules/npm/node_modules/jackspeak
112 silly CHANGE node_modules/npm/node_modules/is-cidr
113 silly CHANGE node_modules/npm/node_modules/ip-regex
114 silly REMOVE node_modules/npm/node_modules/ip-address
115 silly CHANGE node_modules/npm/node_modules/init-package-json
116 silly CHANGE node_modules/npm/node_modules/ini
117 silly CHANGE node_modules/npm/node_modules/ignore-walk
118 silly CHANGE node_modules/npm/node_modules/https-proxy-agent
119 silly CHANGE node_modules/npm/node_modules/http-proxy-agent
120 silly CHANGE node_modules/npm/node_modules/hosted-git-info
121 silly CHANGE node_modules/npm/node_modules/glob
122 silly CHANGE node_modules/npm/node_modules/fs-minipass
123 silly CHANGE node_modules/npm/node_modules/foreground-child
124 silly REMOVE node_modules/npm/node_modules/exponential-backoff
125 silly CHANGE node_modules/npm/node_modules/diff
126 silly CHANGE node_modules/npm/node_modules/debug
127 silly CHANGE node_modules/npm/node_modules/cssesc
128 silly CHANGE node_modules/npm/node_modules/cross-spawn/node_modules/which
129 silly CHANGE node_modules/npm/node_modules/cmd-shim
130 silly CHANGE node_modules/npm/node_modules/cidr-regex
131 silly CHANGE node_modules/npm/node_modules/ci-info
132 silly CHANGE node_modules/npm/node_modules/chalk
133 silly CHANGE node_modules/npm/node_modules/cacache
134 silly CHANGE node_modules/npm/node_modules/binary-extensions
135 silly CHANGE node_modules/npm/node_modules/bin-links
136 silly CHANGE node_modules/npm/node_modules/ansi-styles
137 silly CHANGE node_modules/npm/node_modules/agent-base
138 verbose cwd /app
139 verbose os Linux 5.15.0-25-generic
140 verbose node v18.20.8
141 verbose npm  v10.8.2
142 verbose exit 0
143 info ok
